
> moma-web@0.1.0 build
> next build

Ôû▓ Next.js 16.1.1 (Turbopack)
- Environments: .env.local, .env

  Creating an optimized production build ...
Ô£ô Compiled successfully in 5.2s
  Running TypeScript ...
  Collecting page data using 11 workers ...
  Generating static pages using 11 workers (0/17) ...
  Generating static pages using 11 workers (4/17) 
  Generating static pages using 11 workers (8/17) 
  Generating static pages using 11 workers (12/17) 
Ô£ô Generating static pages using 11 workers (17/17) in 653.5ms
  Finalizing page optimization ...
node.exe : ÔÜá Statically exporting a Next.js application via 
`next export` disables API routes and middleware.
En línea: 1 Carácter: 1
+ & "C:\Program Files\nodejs/node.exe" "C:\Program 
Files\nodejs/node_mo ...
+ ~~~~~~~~~~~~~~~~~~~~~~~~~~~~~~~~~~~~~~~~~~~~~~~~~~~~~~~~~~~~~~
~~~~~~~
    + CategoryInfo          : NotSpecified: (ÔÜá Statically ... 
   and middleware.:String) [], RemoteException
    + FullyQualifiedErrorId : NativeCommandError
 
This command is meant for static-only hosts, and is not 
necessary to make your application static.
Pages in your application without server-side data dependencies 
will be automatically statically exported by `next build`, 
including pages powered by `getStaticProps`.
Learn more: 
https://nextjs.org/docs/messages/api-routes-static-export

Route (app)
Ôöî Ôùï /
Ôö£ Ôùï /_not-found
Ôö£ Ôùï /admin/bookings
Ôö£ Ôùï /admin/customers
Ôö£ Ôùï /admin/dashboard
Ôö£ Ôùï /admin/experiences
Ôö£ Ôùï /admin/experiences/edit
Ôö£ Ôùï /admin/experiences/new
Ôö£ Ôùï /admin/gallery
Ôö£ Ôùï /admin/reports
Ôö£ Ôùï /admin/settings
Ôö£ Ôùï /admin/settings/roles
Ôö£ Ôùï /experiencia
Ôö£ Ôùï /experiencias
Ôöö Ôùï /login


ãÆ Proxy (Middleware)

Ôùï  (Static)  prerendered as static content

